// Jest Snapshot v1, https://goo.gl/fbAQLP

exports[`Planets should match snapshot 1`] = `
<div
  className="Planets"
>
  <Card
    data={
      Object {
        "climate": "temperate",
        "name": "Alderaan",
        "population": "2000000000",
        "residents": "Leia Organa
      Bail Prestor Organa
      Raymus Antilles",
        "terrain": "grasslands, mountains",
      }
    }
    key="0"
  />
  <Card
    data={
      Object {
        "climate": "temperate, tropical",
        "name": "Yavin IV",
        "population": "1000",
        "residents": "none",
        "terrain": "jungle, rainforests",
      }
    }
    key="1"
  />
  <Card
    data={
      Object {
        "climate": "frozen",
        "name": "Hoth",
        "population": "unknown",
        "residents": "none",
        "terrain": "tundra, ice caves, mountain ranges",
      }
    }
    key="2"
  />
</div>
`;
