// Jest Snapshot v1, https://goo.gl/fbAQLP

exports[`CardDisplay should match snapshot 1`] = `
<div
  className="card-display"
>
  <Switch>
    <Route
      component={[Function]}
      exact={true}
      path="/"
    />
    <Route
      component={[Function]}
      exact={true}
      path="/people"
    />
    <Route
      component={[Function]}
      exact={true}
      path="/vehicles"
    />
    <Route
      component={[Function]}
      exact={true}
      path="/planets"
    />
    <Route
      component={[Function]}
      exact={true}
      path="/favorites"
    />
  </Switch>
</div>
`;
