// Jest Snapshot v1, https://goo.gl/fbAQLP

exports[`App state should match snapshot 1`] = `
<div
  className="App"
>
  <Header
    handleButton={[Function]}
  />
  <CardDisplay
    favorites={Array []}
    film={Array []}
    handleFavorite={[Function]}
    people={Array []}
    planets={Array []}
    vehicles={Array []}
  />
</div>
`;
