// Jest Snapshot v1, https://goo.gl/fbAQLP

exports[`IntroText should match snapshot 1`] = `
<div
  className="main"
>
  <div
    className="fade"
  />
  <audio
    preload="auto"
  >
    <source
      src="https://s.cdpn.io/1202/Star_Wars_original_opening_crawl_1977.mp3"
      type="audio/mpeg"
    />
  </audio>
  <section
    className="star-wars"
  >
    <div
      className="crawl"
    >
      <div
        className="title"
      >
        <h4>
          Episode 
        </h4>
        <h1 />
        <h4 />
      </div>
      <p />
    </div>
  </section>
</div>
`;
