// Jest Snapshot v1, https://goo.gl/fbAQLP

exports[`IntroText should match snapshot 1`] = `
<div
  className="main"
>
  <div
    className="fade"
  />
  <section
    className="star-wars"
  >
    <div
      className="crawl"
    >
      <div
        className="title"
      >
        <h1>
          <img
            src="https://upload.wikimedia.org/wikipedia/commons/6/6c/Star_Wars_Logo.svg"
          />
        </h1>
        <h4>
          Episode 
        </h4>
        <h1 />
      </div>
      <p />
      <p>
        Click people to build the resistance...
      </p>
    </div>
  </section>
</div>
`;
